// Jest Snapshot v1, https://goo.gl/fbAQLP

exports[`getCohort should create an appropriate action 1`] = `
Object {
  "meta": Object {
    "anonymous": undefined,
    "expiration": undefined,
    "key": "cohorts/someone",
    "namespace": "default",
    "suffix": "COHORT",
  },
  "payload": Object {
    "data": undefined,
    "headers": undefined,
    "method": "GET",
    "params": undefined,
    "url": "/cohorts/someone",
  },
  "type": "@@api-client/API_REQUEST/COHORT",
}
`;
